Fetching metadata from page 1...
Found 52 videos so far...
Fetching metadata from page 2...
Found 104 videos so far...
Fetching metadata from page 3...
Found 156 videos so far...
Fetching metadata from page 4...
Found 208 videos so far...
Fetching metadata from page 5...
Found 260 videos so far...
Fetching metadata from page 6...
Found 312 videos so far...
Fetching metadata from page 7...
Found 364 videos so far...
Fetching metadata from page 8...
Found 416 videos so far...
Fetching metadata from page 9...
Found 468 videos so far...
Fetching metadata from page 10...
Found 520 videos so far...
Fetching metadata from page 11...
Found 572 videos so far...
Fetching metadata from page 12...
Found 624 videos so far...
Fetching metadata from page 13...
Found 676 videos so far...
Fetching metadata from page 14...
Found 728 videos so far...
Fetching metadata from page 15...
Found 780 videos so far...
Fetching metadata from page 16...
Found 832 videos so far...
Fetching metadata from page 17...
Found 884 videos so far...
Fetching metadata from page 18...
Found 936 videos so far...
Fetching metadata from page 19...
Found 988 videos so far...
Fetching metadata from page 20...
Found 1040 videos so far...
Fetching metadata from page 21...
Found 1092 videos so far...
Fetching metadata from page 22...
Found 1144 videos so far...
Fetching metadata from page 23...
Found 1196 videos so far...
Fetching metadata from page 24...
Found 1248 videos so far...
Fetching metadata from page 25...
Found 1300 videos so far...
Fetching metadata from page 26...
Found 1352 videos so far...
Fetching metadata from page 27...
Found 1404 videos so far...
Fetching metadata from page 28...
Found 1456 videos so far...
Fetching metadata from page 29...
Found 1508 videos so far...
Fetching metadata from page 30...
Found 1560 videos so far...
Fetching metadata from page 31...
Found 1612 videos so far...
Fetching metadata from page 32...
Found 1664 videos so far...
Fetching metadata from page 33...
Found 1716 videos so far...
Fetching metadata from page 34...
Found 1768 videos so far...
Fetching metadata from page 35...
Found 1820 videos so far...
Fetching metadata from page 36...
Found 1872 videos so far...
Fetching metadata from page 37...
Found 1924 videos so far...
Fetching metadata from page 38...
Found 1976 videos so far...
Fetching metadata from page 39...
Found 2028 videos so far...
Fetching metadata from page 40...
Found 2080 videos so far...
Fetching metadata from page 41...
Found 2132 videos so far...
Fetching metadata from page 42...
Found 2184 videos so far...
Fetching metadata from page 43...
Found 2236 videos so far...
Fetching metadata from page 44...
Found 2288 videos so far...
Fetching metadata from page 45...
Found 2340 videos so far...
Fetching metadata from page 46...
Found 2392 videos so far...
Fetching metadata from page 47...
Found 2444 videos so far...
Fetching metadata from page 48...
Found 2489 videos so far...
Fetching metadata from page 49...
Error on page 49: 404 Client Error: Not Found for url: https://www.pornhub.com/users/z3ncoding/videos/recent?page=49
Generating HTML grid: z3ncoding_videos_grid.html...
Generating CherryTree CTD file (embedding images): z3ncoding_videos.ctd...
Downloading images concurrently...
Downloaded 100/2489 images...
Downloaded 200/2489 images...
Downloaded 300/2489 images...
Downloaded 400/2489 images...
Downloaded 500/2489 images...
Downloaded 600/2489 images...
Downloaded 700/2489 images...
Downloaded 800/2489 images...
Downloaded 900/2489 images...
Downloaded 1000/2489 images...
Downloaded 1100/2489 images...
Downloaded 1200/2489 images...
Downloaded 1300/2489 images...
Downloaded 1400/2489 images...
Downloaded 1500/2489 images...
Downloaded 1600/2489 images...
Downloaded 1700/2489 images...
Downloaded 1800/2489 images...
Downloaded 1900/2489 images...
Downloaded 2000/2489 images...
Downloaded 2100/2489 images...
Downloaded 2200/2489 images...
Downloaded 2300/2489 images...
Downloaded 2400/2489 images...

SUCCESS!
1. HTML Grid View: z3ncoding_videos_grid.html
2. CherryTree Table: z3ncoding_videos.ctd
Open the .ctd file in CherryTree to see the table view with focused images.
